STAR version=2.7.10b
STAR compilation time,server,dir=2022-11-01T09:53:26-04:00 :/home/dobin/data/STAR/STARcode/STAR.master/source
STAR git: On branch master ; commit c6f8efc2c7043ef83bf8b0d9bed36bbb6b9b1133 ; diff files: CHANGES.md 
##### Command Line:
STAR --runThreadN 4 --runMode genomeGenerate --genomeDir star_index/toy --genomeFastaFiles toy_ref.fa --sjdbGTFfile toy_ref.gtf --genomeSAindexNbases 7 --genomeChrBinNbits 12 --genomeSAsparseD 3
##### Initial USER parameters from Command Line:
###### All USER parameters from Command Line:
runThreadN                    4     ~RE-DEFINED
runMode                       genomeGenerate        ~RE-DEFINED
genomeDir                     star_index/toy     ~RE-DEFINED
genomeFastaFiles              toy_ref.fa        ~RE-DEFINED
sjdbGTFfile                   toy_ref.gtf     ~RE-DEFINED
genomeSAindexNbases           7     ~RE-DEFINED
genomeChrBinNbits             12     ~RE-DEFINED
genomeSAsparseD               3     ~RE-DEFINED
##### Finished reading parameters from all sources

##### Final user re-defined parameters-----------------:
runMode                           genomeGenerate   
runThreadN                        4
genomeDir                         star_index/toy
genomeFastaFiles                  toy_ref.fa   
genomeSAindexNbases               7
genomeChrBinNbits                 12
genomeSAsparseD                   3
sjdbGTFfile                       toy_ref.gtf

-------------------------------
##### Final effective command line:
STAR   --runMode genomeGenerate      --runThreadN 4   --genomeDir star_index/toy   --genomeFastaFiles toy_ref.fa      --genomeSAindexNbases 7   --genomeChrBinNbits 12   --genomeSAsparseD 3   --sjdbGTFfile toy_ref.gtf
----------------------------------------

Number of fastq files for each mate = 1
ParametersSolo: --soloCellFilterType CellRanger2.2 filtering parameters:  3000 0.99 10
Finished loading and checking parameters
--genomeDir directory exists and will be overwritten: star_index/toy/
Oct 15 18:15:54 ... starting to generate Genome files
toy_ref.fa : chr # 0  "TOY1" chrStart: 0
Chromosome sequence lengths: 
TOY1	100000
Genome sequence total length = 100000
Genome size with padding = 102400
Oct 15 18:15:54 ..... processing annotations GTF
Processing pGe.sjdbGTFfile=toy_ref.gtf, found:
		100 transcripts
		300 exons (non-collapsed)
		100 collapsed junctions
Total junctions: 100
Oct 15 18:15:54 ..... finished GTF processing

Estimated genome size with padding and SJs: total=genome+SJ=201102400 = 102400 + 201000000
GstrandBit=32
Number of SA indices: 66667
Oct 15 18:15:54 ... starting to sort Suffix Array. This may take a long time...
Number of chunks: 4;   chunks size limit: 177776 bytes
Oct 15 18:15:54 ... sorting Suffix Array chunks and saving them to disk...
Writing 2080 bytes into star_index/toy//SA_3 ; empty space on disk = 7463513956352 bytes ... done
Writing 177488 bytes into star_index/toy//SA_1 ; empty space on disk = 7463513952256 bytes ... done
Writing 176248 bytes into star_index/toy//SA_2 ; empty space on disk = 7463513772032 bytes ... done
Writing 177520 bytes into star_index/toy//SA_0 ; empty space on disk = 7463513591808 bytes ... done
Oct 15 18:15:54 ... loading chunks from disk, packing SA...
Oct 15 18:15:54 ... finished generating suffix array
Oct 15 18:15:54 ... generating Suffix Array index
Oct 15 18:15:54 ... completed Suffix Array index
Oct 15 18:15:54   Finished preparing junctions
Oct 15 18:15:54 ..... inserting junctions into the genome indices
Oct 15 18:15:54   Finished SA search: number of new junctions=100, old junctions=0
Oct 15 18:15:54   Finished sorting SA indicesL nInd=40000
Genome size with junctions=122500  102400   20100
GstrandBit1=32   GstrandBit=32
Oct 15 18:15:54   Finished inserting junction indices
Oct 15 18:15:54   Finished SAi
Oct 15 18:15:54 ..... finished inserting junctions into genome
Oct 15 18:15:54 ... writing Genome to disk ...
Writing 122500 bytes into star_index/toy//Genome ; empty space on disk = 7463514062848 bytes ... done
SA size in bytes: 440005
Oct 15 18:15:54 ... writing Suffix Array to disk ...
Writing 440005 bytes into star_index/toy//SA ; empty space on disk = 7463514247168 bytes ... done
Oct 15 18:15:54 ... writing SAindex to disk
Writing 8 bytes into star_index/toy//SAindex ; empty space on disk = 7463513903104 bytes ... done
Writing 64 bytes into star_index/toy//SAindex ; empty space on disk = 7463513903104 bytes ... done
Writing 95571 bytes into star_index/toy//SAindex ; empty space on disk = 7463513903104 bytes ... done
Oct 15 18:15:54 ..... finished successfully
DONE: Genome generation, EXITING
